
Allocating common symbols
Common symbol       size              file

isr_table           0x80              soc-hw.o
tic_msec            0x4               soc-hw.o

Memory Configuration

Name             Origin             Length             Attributes
ram              0x0000000000000000 0x0000000000001000
*default*        0x0000000000000000 0xffffffffffffffff

Linker script and memory map

                0x0000000000000000                __DYNAMIC = 0x0
                0x0000000000000000                _RAM_START = 0x0
                0x0000000000001000                _RAM_SIZE = 0x1000
                0x0000000000001000                _RAM_END = (_RAM_START + _RAM_SIZE)

.text           0x0000000000000000      0x86c
                0x0000000000000000                _ftext = .
 *(.text .stub .text.* .gnu.linkonce.t.*)
 .text          0x0000000000000000      0x208 crt0ram.o
                0x0000000000000000                _start
                0x0000000000000140                irq_enable
                0x000000000000014c                irq_disable
                0x0000000000000158                irq_set_mask
                0x0000000000000160                irq_get_mask
                0x0000000000000168                jump
                0x000000000000016c                halt
                0x00000000000001f8                get_sp
                0x0000000000000200                get_gp
 .text          0x0000000000000208       0xb8 main.o
                0x0000000000000208                main
 .text          0x00000000000002c0      0x5ac soc-hw.o
                0x00000000000002c0                isr_null
                0x00000000000002c4                irq_handler
                0x0000000000000338                isr_init
                0x000000000000035c                isr_register
                0x0000000000000374                isr_unregister
                0x0000000000000394                msleep
                0x00000000000003d0                nsleep
                0x0000000000000400                tic_isr
                0x000000000000042c                tic_init
                0x000000000000045c                uart_init
                0x0000000000000460                uart_getchar
                0x0000000000000484                uart_putchar
                0x00000000000004a8                uart_putstr
                0x00000000000004dc                gpio_get_in1
                0x00000000000004f4                gpio_get_in2
                0x000000000000050c                gpio_set_out1
                0x0000000000000524                gpio_set_out2
                0x000000000000053c                gpio_set_dir1
                0x0000000000000554                gpio_set_dir2
                0x000000000000056c                spi_Writte
                0x0000000000000598                spi_read
                0x00000000000005c4                SPI_begin
                0x00000000000005dc                spi_setDiv
                0x00000000000005f4                ReadChanel
                0x0000000000000690                GetByteOne
                0x00000000000006a8                GetByteTwo
                0x00000000000006c0                SetDisplay
                0x0000000000000788                SetDpDisplay
                0x000000000000086c                _etext = .

.rodata         0x000000000000086c       0x50
                0x000000000000086c                . = ALIGN (0x4)
                0x000000000000086c                _frodata = .
 *(.rodata .rodata.* .gnu.linkonce.r.*)
 .rodata.cst4   0x000000000000086c        0x8 soc-hw.o
 .rodata        0x0000000000000874       0x48 soc-hw.o
 *(.rodata1)
                0x00000000000008bc                _erodata = .

.data           0x00000000000008bc       0x18
                0x00000000000008bc                . = ALIGN (0x4)
                0x00000000000008bc                _fdata = .
 *(.data .data.* .gnu.linkonce.d.*)
 .data          0x00000000000008bc        0x0 crt0ram.o
 .data          0x00000000000008bc        0x0 main.o
 .data          0x00000000000008bc       0x18 soc-hw.o
                0x00000000000008bc                uart0
                0x00000000000008c0                timer0
                0x00000000000008c4                gpio0
                0x00000000000008c8                spi0
                0x00000000000008cc                i2c0
                0x00000000000008d0                Display0
 *(.data1)
                0x00000000000008e0                _gp = ALIGN (0x10)
 *(.sdata .sdata.* .gnu.linkonce.s.*)
                0x00000000000008d4                _edata = .

.bss            0x00000000000008d4       0x84
                0x00000000000008d4                . = ALIGN (0x4)
                0x00000000000008d4                _fbss = .
 *(.dynsbss)
 *(.sbss .sbss.* .gnu.linkonce.sb.*)
 *(.scommon)
 *(.dynbss)
 *(.bss .bss.* .gnu.linkonce.b.*)
 .bss           0x00000000000008d4        0x0 crt0ram.o
 .bss           0x00000000000008d4        0x0 main.o
 .bss           0x00000000000008d4        0x0 soc-hw.o
 *(COMMON)
 COMMON         0x00000000000008d4       0x84 soc-hw.o
                0x00000000000008d4                isr_table
                0x0000000000000954                tic_msec
                0x0000000000000958                _ebss = .
                0x0000000000000958                _end = .
                0x0000000000000ffc                PROVIDE (_fstack, ((ORIGIN (ram) + 0x1000) - 0x4))
LOAD crt0ram.o
LOAD main.o
LOAD soc-hw.o
OUTPUT(image elf32-lm32)

.debug_abbrev   0x0000000000000000      0x268
 .debug_abbrev  0x0000000000000000       0x75 main.o
 .debug_abbrev  0x0000000000000075      0x1f3 soc-hw.o

.debug_info     0x0000000000000000      0x92b
 .debug_info    0x0000000000000000       0xb6 main.o
 .debug_info    0x00000000000000b6      0x875 soc-hw.o

.debug_line     0x0000000000000000      0x6fc
 .debug_line    0x0000000000000000       0xff main.o
 .debug_line    0x00000000000000ff      0x5fd soc-hw.o

.debug_frame    0x0000000000000000      0x1f0
 .debug_frame   0x0000000000000000       0x20 main.o
 .debug_frame   0x0000000000000020      0x1d0 soc-hw.o

.debug_loc      0x0000000000000000      0x221
 .debug_loc     0x0000000000000000       0x8e main.o
 .debug_loc     0x000000000000008e      0x193 soc-hw.o

.debug_pubnames
                0x0000000000000000      0x233
 .debug_pubnames
                0x0000000000000000       0x1b main.o
 .debug_pubnames
                0x000000000000001b      0x218 soc-hw.o

.debug_pubtypes
                0x0000000000000000       0x90
 .debug_pubtypes
                0x0000000000000000       0x1f main.o
 .debug_pubtypes
                0x000000000000001f       0x71 soc-hw.o

.debug_aranges  0x0000000000000000       0x40
 .debug_aranges
                0x0000000000000000       0x20 main.o
 .debug_aranges
                0x0000000000000020       0x20 soc-hw.o

.debug_str      0x0000000000000000      0x37e
 .debug_str     0x0000000000000000       0x94 main.o
                                         0xa5 (size before relaxing)
 .debug_str     0x0000000000000094      0x2ea soc-hw.o
                                        0x3a3 (size before relaxing)

.comment        0x0000000000000000       0x11
 .comment       0x0000000000000000       0x11 main.o
                                         0x12 (size before relaxing)
 .comment       0x0000000000000000       0x12 soc-hw.o
